// Vitest Snapshot v1, https://vitest.dev/guide/snapshot.html

exports[`Toaster > renders container once 1`] = `
<div>
  <section
    aria-atomic="false"
    aria-label="Notifications alt+T"
    aria-live="polite"
    aria-relevant="additions text"
    tabindex="-1"
  >
    <ol
      data-sonner-theme="light"
      data-sonner-toaster="true"
      data-x-position="center"
      data-y-position="top"
      dir=""
      style="--front-toast-height: 0px; --width: 356px; --gap: 14px; --offset-top: 24px; --offset-right: 24px; --offset-bottom: 24px; --offset-left: 24px; --mobile-offset-top: 16px; --mobile-offset-right: 16px; --mobile-offset-bottom: 16px; --mobile-offset-left: 16px;"
      tabindex="-1"
    >
      <li
        class="w-full max-w-[420px] rounded-md border bg-background p-4 text-sm text-foreground shadow-md"
        data-dismissible="true"
        data-expanded="false"
        data-front="true"
        data-index="0"
        data-mounted="true"
        data-promise="false"
        data-removed="false"
        data-rich-colors="true"
        data-sonner-toast=""
        data-styled="true"
        data-swipe-out="false"
        data-swiped="false"
        data-swiping="false"
        data-visible="true"
        data-x-position="center"
        data-y-position="top"
        style="--index: 0; --toasts-before: 0; --z-index: 1; --offset: 0px; --initial-height: 0px;"
        tabindex="0"
      >
        <button
          aria-label="Close toast"
          class=""
          data-close-button="true"
          data-disabled="false"
        >
          <svg
            fill="none"
            height="12"
            stroke="currentColor"
            stroke-linecap="round"
            stroke-linejoin="round"
            stroke-width="1.5"
            viewBox="0 0 24 24"
            width="12"
            xmlns="http://www.w3.org/2000/svg"
          >
            <line
              x1="18"
              x2="6"
              y1="6"
              y2="18"
            />
            <line
              x1="6"
              x2="18"
              y1="6"
              y2="18"
            />
          </svg>
        </button>
        <div
          class=""
          data-content=""
        >
          <div
            class=""
            data-title=""
          >
            hi
          </div>
        </div>
      </li>
    </ol>
  </section>
</div>
`;
